[patrimonio-fc567d.webflow.io/index.html]
[backblue.gif]
[fade.gif]
[index.html]
[cdn.prod.website-files.com/67d46219fdf9dba83b5e4b78/css/patrimonio-fc567d.webflow.91e7c35e1.css]
[cdn.prod.website-files.com/67d46219fdf9dba83b5e4b78/67d46219fdf9dba83b5e4e27_favicon.jpg]
[cdn.prod.website-files.com/67d46219fdf9dba83b5e4b78/67d46219fdf9dba83b5e4e28_webclip.jpg]
[cdnjs.cloudflare.com/ajax/libs/remodal/1.1.1/remodal.min.css]
[cdnjs.cloudflare.com/ajax/libs/remodal/1.1.1/remodal-default-theme.min.css]
[cdn.prod.website-files.com/67d46219fdf9dba83b5e4b78/67d46219fdf9dba83b5e4e1f_hero_elem-01.png]
[cdn.prod.website-files.com/67d46219fdf9dba83b5e4b78/67d46219fdf9dba83b5e4e1e_hero_elem-02.png]
[cdn.prod.website-files.com/67d46219fdf9dba83b5e4b78/67d46219fdf9dba83b5e4e42_visit_elem-01.png]
[cdn.prod.website-files.com/67d46219fdf9dba83b5e4b78/67d46219fdf9dba83b5e4e4f_bg_shine-01.png]
[cdn.prod.website-files.com/67d46219fdf9dba83b5e4b78/67d46219fdf9dba83b5e4e2a_media_illustr.png]
[cdn.prod.website-files.com/67d46219fdf9dba83b5e4b78/67d46219fdf9dba83b5e4e4e_bg_shine-02.png]
[cdn.prod.website-files.com/67d46219fdf9dba83b5e4b78/67d46219fdf9dba83b5e4e3f_audio_01.png]
[cdn.prod.website-files.com/67d46219fdf9dba83b5e4b78/67d46219fdf9dba83b5e4e3e_audio_02.png]
[cdn.prod.website-files.com/67d46219fdf9dba83b5e4b78/67d46219fdf9dba83b5e4e3d_audio_03.png]
[cdn.prod.website-files.com/67d46219fdf9dba83b5e4b78/67d46219fdf9dba83b5e4e2e_footer_hand.png]
[cdn.prod.website-files.com/67d46219fdf9dba83b5e4b78/67d46219fdf9dba83b5e4e2f_footer_rectangle.png]
[cdn.prod.website-files.com/67d46219fdf9dba83b5e4b78/67d46219fdf9dba83b5e4e54_modal-form.png]
[d3e54v103j8qbb.cloudfront.net/js/jquery-3.5.1.min.dc5e7f18c8246d.js]
[cdn.prod.website-files.com/67d46219fdf9dba83b5e4b78/js/webflow.schunk.4a394eb5af8156f2.js]
[cdn.prod.website-files.com/67d46219fdf9dba83b5e4b78/js/webflow.c3a10ef0.805966094033c1c2.js]
[cdnjs.cloudflare.com/ajax/libs/smoothscroll/1.4.10/SmoothScroll.min.js]
[cdnjs.cloudflare.com/ajax/libs/remodal/1.1.1/remodal.min.js]
[web.webformscr.com/apps/fc3/build/loader.js]
[patrimonio-fc567d.webflow.io/index.html]
[amosk.com.ua/js/projects/halolab/forms.js]
[cdn.prod.website-files.com/67d46219fdf9dba83b5e4b78/67d46219fdf9dba83b5e4e4c_Noise.png]
[cdn.prod.website-files.com/67d46219fdf9dba83b5e4b78/67d46219fdf9dba83b5e4e21_hero_elem-03.jpg]
[cdn.prod.website-files.com/67d46219fdf9dba83b5e4b78/67d46219fdf9dba83b5e4e1c_hero_elem-04.jpg]
[cdn.prod.website-files.com/67d46219fdf9dba83b5e4b78/67d46219fdf9dba83b5e4e3c_dash.png]
[cdn.prod.website-files.com/67d46219fdf9dba83b5e4b78/67d46219fdf9dba83b5e4e29_media_elem.png]
[cdn.prod.website-files.com/67d46219fdf9dba83b5e4b78/67d46219fdf9dba83b5e4e20_bg-noise.jpg]
[cdn.prod.website-files.com/67d46219fdf9dba83b5e4b78/css/patrimonio-fc567d.webflow.91e7c35e1.css]
[cdnjs.cloudflare.com/ajax/libs/remodal/1.1.1/remodal.min.css]
[cdnjs.cloudflare.com/ajax/libs/remodal/1.1.1/remodal-default-theme.min.css]
